➤ YN0000: ┌ Resolution step
➤ YN0002: │ @tonic-ui/react-icons@npm:3.0.0-alpha.1 [890d5] doesn't provide @emotion/react (p6773a), requested by @tonic-ui/react-base
➤ YN0002: │ @tonic-ui/react-icons@npm:3.0.0-alpha.1 [890d5] doesn't provide @emotion/styled (p6b133), requested by @tonic-ui/react-base
➤ YN0002: │ cncjs@workspace:. doesn't provide @testing-library/dom (pf56c4), requested by @testing-library/user-event
➤ YN0060: │ cncjs@workspace:. provides babel-core (p34bc6) with version 7.0.0-bridge.0, which doesn't satisfy what consolidate requests
➤ YN0060: │ cncjs@workspace:. provides react (p69267) with version 18.3.1, which doesn't satisfy what consolidate requests
➤ YN0060: │ cncjs@workspace:. provides react (p792e5) with version 18.3.1, which doesn't satisfy what react-hot-loader requests
➤ YN0060: │ cncjs@workspace:. provides react (p4f2dd) with version 18.3.1, which doesn't satisfy what react-tiny-virtual-list requests
➤ YN0060: │ cncjs@workspace:. provides react (p00e31) with version 18.3.1, which doesn't satisfy what recompose requests
➤ YN0060: │ cncjs@workspace:. provides react (p5ea18) with version 18.3.1, which doesn't satisfy what redux-devtools requests
➤ YN0060: │ cncjs@workspace:. provides react-dom (pc6a8e) with version 18.3.1, which doesn't satisfy what consolidate requests
➤ YN0060: │ cncjs@workspace:. provides react-dom (p70794) with version 18.3.1, which doesn't satisfy what react-hot-loader requests
➤ YN0060: │ cncjs@workspace:. provides react-redux (pa0dd3) with version 8.0.7, which doesn't satisfy what redux-devtools requests
➤ YN0002: │ cncjs@workspace:. doesn't provide scheduler (pcf213), requested by react-tracked
➤ YN0060: │ cncjs@workspace:. provides stylint (p1d551) with version 2.0.0, which doesn't satisfy what stylint-loader requests
➤ YN0002: │ react-spring@npm:9.1.2 doesn't provide @react-three/fiber (pec093), requested by @react-spring/three
➤ YN0002: │ react-spring@npm:9.1.2 doesn't provide konva (p5fe80), requested by @react-spring/konva
➤ YN0002: │ react-spring@npm:9.1.2 doesn't provide react (p3099c), requested by @react-spring/core
➤ YN0002: │ react-spring@npm:9.1.2 doesn't provide react (pc44d5), requested by @react-spring/konva
➤ YN0002: │ react-spring@npm:9.1.2 doesn't provide react (p288bd), requested by @react-spring/native
➤ YN0002: │ react-spring@npm:9.1.2 doesn't provide react (pb5fdd), requested by @react-spring/three
➤ YN0002: │ react-spring@npm:9.1.2 doesn't provide react (p603d2), requested by @react-spring/web
➤ YN0002: │ react-spring@npm:9.1.2 doesn't provide react (pea741), requested by @react-spring/zdog
➤ YN0002: │ react-spring@npm:9.1.2 doesn't provide react-dom (pb8433), requested by @react-spring/web
➤ YN0002: │ react-spring@npm:9.1.2 doesn't provide react-dom (p2b8c0), requested by @react-spring/zdog
➤ YN0002: │ react-spring@npm:9.1.2 doesn't provide react-konva (p82726), requested by @react-spring/konva
➤ YN0002: │ react-spring@npm:9.1.2 doesn't provide react-native (p99088), requested by @react-spring/native
➤ YN0002: │ react-spring@npm:9.1.2 doesn't provide react-zdog (pf4dce), requested by @react-spring/zdog
➤ YN0002: │ react-spring@npm:9.1.2 doesn't provide three (p22c55), requested by @react-spring/three
➤ YN0002: │ react-spring@npm:9.1.2 doesn't provide zdog (p51736), requested by @react-spring/zdog
➤ YN0000: │ Some peer dependencies are incorrectly met; run yarn explain peer-requirements <hash> for details, where <hash> is the six-letter p-prefixed code
➤ YN0000: └ Completed in 0s 531ms
➤ YN0000: ┌ Fetch step
➤ YN0013: │ @emotion/styled@npm:11.14.1 can't be found in the cache and will be fetched from the remote registry
➤ YN0000: └ Completed in 0s 201ms
➤ YN0000: ┌ Link step
➤ YN0004: │ @fortawesome/fontawesome-free@npm:6.2.1 lists build scripts, but all build scripts have been disabled.
➤ YN0004: │ @fortawesome/fontawesome-svg-core@npm:6.2.1 lists build scripts, but all build scripts have been disabled.
➤ YN0004: │ @fortawesome/free-brands-svg-icons@npm:6.2.1 lists build scripts, but all build scripts have been disabled.
➤ YN0004: │ @fortawesome/free-regular-svg-icons@npm:6.2.1 lists build scripts, but all build scripts have been disabled.
➤ YN0004: │ @fortawesome/free-solid-svg-icons@npm:6.2.1 lists build scripts, but all build scripts have been disabled.
➤ YN0004: │ core-js@npm:3.26.1 lists build scripts, but all build scripts have been disabled.
➤ YN0004: │ electron@npm:22.0.3 lists build scripts, but all build scripts have been disabled.
➤ YN0004: │ pre-push@npm:0.1.4 lists build scripts, but all build scripts have been disabled.
➤ YN0004: │ core-js@npm:3.38.0 lists build scripts, but all build scripts have been disabled.
➤ YN0004: │ @fortawesome/fontawesome-common-types@npm:6.2.1 lists build scripts, but all build scripts have been disabled.
➤ YN0004: │ spawn-sync@npm:1.0.15 lists build scripts, but all build scripts have been disabled.
➤ YN0004: │ @react-spring/core@npm:9.1.2 [3d6d6] lists build scripts, but all build scripts have been disabled.
➤ YN0004: │ @serialport/bindings-cpp@npm:10.8.0 lists build scripts, but all build scripts have been disabled.
➤ YN0004: │ core-js-pure@npm:3.38.1 lists build scripts, but all build scripts have been disabled.
➤ YN0000: └ Completed in 0s 298ms
➤ YN0000: Done with warnings in 1s 137ms
